Archive member included because of file (symbol)

c:/freescale/kds_v3/toolchain/bin/../lib/gcc/arm-none-eabi/4.8.4/armv6-m\libgcc.a(_udivsi3.o)
                              ./utilities/fsl_debug_console.o (__aeabi_uidiv)
c:/freescale/kds_v3/toolchain/bin/../lib/gcc/arm-none-eabi/4.8.4/armv6-m\libgcc.a(_divsi3.o)
                              ./utilities/fsl_debug_console.o (__aeabi_idiv)
c:/freescale/kds_v3/toolchain/bin/../lib/gcc/arm-none-eabi/4.8.4/armv6-m\libgcc.a(_dvmd_tls.o)
                              c:/freescale/kds_v3/toolchain/bin/../lib/gcc/arm-none-eabi/4.8.4/armv6-m\libgcc.a(_udivsi3.o) (__aeabi_idiv0)
c:/freescale/kds_v3/toolchain/bin/../lib/gcc/arm-none-eabi/4.8.4/../../../../arm-none-eabi/lib/armv6-m\libg_s.a(lib_a-errno.o)
                              ./utilities/fsl_sbrk.o (__errno)
c:/freescale/kds_v3/toolchain/bin/../lib/gcc/arm-none-eabi/4.8.4/../../../../arm-none-eabi/lib/armv6-m\libg_s.a(lib_a-exit.o)
                              c:/freescale/kds_v3/toolchain/bin/../lib/gcc/arm-none-eabi/4.8.4/../../../../arm-none-eabi/lib/armv6-m/crt0.o (exit)
c:/freescale/kds_v3/toolchain/bin/../lib/gcc/arm-none-eabi/4.8.4/../../../../arm-none-eabi/lib/armv6-m\libg_s.a(lib_a-impure.o)
                              c:/freescale/kds_v3/toolchain/bin/../lib/gcc/arm-none-eabi/4.8.4/../../../../arm-none-eabi/lib/armv6-m\libg_s.a(lib_a-exit.o) (_global_impure_ptr)
c:/freescale/kds_v3/toolchain/bin/../lib/gcc/arm-none-eabi/4.8.4/../../../../arm-none-eabi/lib/armv6-m\libg_s.a(lib_a-init.o)
                              c:/freescale/kds_v3/toolchain/bin/../lib/gcc/arm-none-eabi/4.8.4/../../../../arm-none-eabi/lib/armv6-m/crt0.o (__libc_init_array)
c:/freescale/kds_v3/toolchain/bin/../lib/gcc/arm-none-eabi/4.8.4/../../../../arm-none-eabi/lib/armv6-m\libg_s.a(lib_a-malloc.o)
                              ./source/dma_memory.o (malloc)
c:/freescale/kds_v3/toolchain/bin/../lib/gcc/arm-none-eabi/4.8.4/../../../../arm-none-eabi/lib/armv6-m\libg_s.a(lib_a-memcpy-stub.o)
                              ./drivers/fsl_flash.o (memcpy)
c:/freescale/kds_v3/toolchain/bin/../lib/gcc/arm-none-eabi/4.8.4/../../../../arm-none-eabi/lib/armv6-m\libg_s.a(lib_a-memmove.o)
                              ./utilities/fsl_shell.o (memmove)
c:/freescale/kds_v3/toolchain/bin/../lib/gcc/arm-none-eabi/4.8.4/../../../../arm-none-eabi/lib/armv6-m\libg_s.a(lib_a-memset.o)
                              c:/freescale/kds_v3/toolchain/bin/../lib/gcc/arm-none-eabi/4.8.4/../../../../arm-none-eabi/lib/armv6-m/crt0.o (memset)
c:/freescale/kds_v3/toolchain/bin/../lib/gcc/arm-none-eabi/4.8.4/../../../../arm-none-eabi/lib/armv6-m\libg_s.a(lib_a-nano-freer.o)
                              c:/freescale/kds_v3/toolchain/bin/../lib/gcc/arm-none-eabi/4.8.4/../../../../arm-none-eabi/lib/armv6-m\libg_s.a(lib_a-malloc.o) (_free_r)
c:/freescale/kds_v3/toolchain/bin/../lib/gcc/arm-none-eabi/4.8.4/../../../../arm-none-eabi/lib/armv6-m\libg_s.a(lib_a-nano-mallocr.o)
                              c:/freescale/kds_v3/toolchain/bin/../lib/gcc/arm-none-eabi/4.8.4/../../../../arm-none-eabi/lib/armv6-m\libg_s.a(lib_a-malloc.o) (_malloc_r)
c:/freescale/kds_v3/toolchain/bin/../lib/gcc/arm-none-eabi/4.8.4/../../../../arm-none-eabi/lib/armv6-m\libg_s.a(lib_a-sbrkr.o)
                              c:/freescale/kds_v3/toolchain/bin/../lib/gcc/arm-none-eabi/4.8.4/../../../../arm-none-eabi/lib/armv6-m\libg_s.a(lib_a-nano-mallocr.o) (_sbrk_r)
c:/freescale/kds_v3/toolchain/bin/../lib/gcc/arm-none-eabi/4.8.4/../../../../arm-none-eabi/lib/armv6-m\libg_s.a(lib_a-strlen.o)
                              ./utilities/fsl_debug_console.o (strlen)
c:/freescale/kds_v3/toolchain/bin/../lib/gcc/arm-none-eabi/4.8.4/../../../../arm-none-eabi/lib/armv6-m\libg_s.a(lib_a-reent.o)
                              c:/freescale/kds_v3/toolchain/bin/../lib/gcc/arm-none-eabi/4.8.4/../../../../arm-none-eabi/lib/armv6-m\libg_s.a(lib_a-sbrkr.o) (errno)
c:/freescale/kds_v3/toolchain/bin/../lib/gcc/arm-none-eabi/4.8.4/../../../../arm-none-eabi/lib/armv6-m\libnosys.a(_exit.o)
                              c:/freescale/kds_v3/toolchain/bin/../lib/gcc/arm-none-eabi/4.8.4/../../../../arm-none-eabi/lib/armv6-m\libg_s.a(lib_a-exit.o) (_exit)

Allocating common symbols
Common symbol       size              file

errno               0x4               c:/freescale/kds_v3/toolchain/bin/../lib/gcc/arm-none-eabi/4.8.4/../../../../arm-none-eabi/lib/armv6-m\libg_s.a(lib_a-reent.o)
usec_count          0x4               ./source/main.o
g_xtal32Freq        0x4               ./drivers/fsl_clock.o
g_xtal0Freq         0x4               ./drivers/fsl_clock.o

Discarded input sections

 .text          0x00000000        0x0 c:/freescale/kds_v3/toolchain/bin/../lib/gcc/arm-none-eabi/4.8.4/armv6-m/crti.o
 .data          0x00000000        0x0 c:/freescale/kds_v3/toolchain/bin/../lib/gcc/arm-none-eabi/4.8.4/armv6-m/crti.o
[...]
Memory Configuration

Name             Origin             Length             Attributes
m_interrupts     0x00000000         0x00000200         xr
m_flash_config   0x00000400         0x00000010         xr
m_text           0x00000410         0x0001fbf0         xr
m_data           0x1ffff000         0x00004000         rw
*default*        0x00000000         0xffffffff

Linker script and memory map

LOAD c:/freescale/kds_v3/toolchain/bin/../lib/gcc/arm-none-eabi/4.8.4/armv6-m/crti.o
LOAD c:/freescale/kds_v3/toolchain/bin/../lib/gcc/arm-none-eabi/4.8.4/armv6-m/crtbegin.o
LOAD c:/freescale/kds_v3/toolchain/bin/../lib/gcc/arm-none-eabi/4.8.4/../../../../arm-none-eabi/lib/armv6-m/crt0.o
LOAD ./utilities/fsl_debug_console.o
LOAD ./utilities/fsl_notifier.o
LOAD ./utilities/fsl_sbrk.o
LOAD ./utilities/fsl_shell.o
LOAD ./startup/startup_MKL25Z4.o
LOAD ./source/dma_memory.o
LOAD ./source/main.o
LOAD ./source/memory.o
LOAD ./source/systick.o
LOAD ./drivers/fsl_adc16.o
LOAD ./drivers/fsl_clock.o
LOAD ./drivers/fsl_cmp.o
LOAD ./drivers/fsl_common.o
LOAD ./drivers/fsl_cop.o
LOAD ./drivers/fsl_dac.o
LOAD ./drivers/fsl_dma.o
LOAD ./drivers/fsl_dmamux.o
LOAD ./drivers/fsl_flash.o
LOAD ./drivers/fsl_gpio.o
LOAD ./drivers/fsl_i2c.o
LOAD ./drivers/fsl_i2c_dma.o
LOAD ./drivers/fsl_llwu.o
LOAD ./drivers/fsl_lpsci.o
LOAD ./drivers/fsl_lpsci_dma.o
LOAD ./drivers/fsl_lptmr.o
LOAD ./drivers/fsl_pit.o
LOAD ./drivers/fsl_pmc.o
LOAD ./drivers/fsl_rcm.o
LOAD ./drivers/fsl_rtc.o
LOAD ./drivers/fsl_sim.o
LOAD ./drivers/fsl_smc.o
LOAD ./drivers/fsl_spi.o
LOAD ./drivers/fsl_spi_dma.o
LOAD ./drivers/fsl_tpm.o
LOAD ./drivers/fsl_tsi_v4.o
LOAD ./drivers/fsl_uart.o
LOAD ./drivers/fsl_uart_dma.o
LOAD ./board/board.o
LOAD ./board/clock_config.o
LOAD ./board/pin_mux.o
LOAD ./CMSIS/system_MKL25Z4.o
LOAD c:/freescale/kds_v3/toolchain/bin/../lib/gcc/arm-none-eabi/4.8.4/../../../../arm-none-eabi/lib/armv6-m\libstdc++_s.a
LOAD c:/freescale/kds_v3/toolchain/bin/../lib/gcc/arm-none-eabi/4.8.4/../../../../arm-none-eabi/lib/armv6-m\libm.a
START GROUP
LOAD c:/freescale/kds_v3/toolchain/bin/../lib/gcc/arm-none-eabi/4.8.4/armv6-m\libgcc.a
LOAD c:/freescale/kds_v3/toolchain/bin/../lib/gcc/arm-none-eabi/4.8.4/../../../../arm-none-eabi/lib/armv6-m\libg_s.a
LOAD c:/freescale/kds_v3/toolchain/bin/../lib/gcc/arm-none-eabi/4.8.4/../../../../arm-none-eabi/lib/armv6-m\libc_s.a
END GROUP
START GROUP
LOAD c:/freescale/kds_v3/toolchain/bin/../lib/gcc/arm-none-eabi/4.8.4/armv6-m\libgcc.a
LOAD c:/freescale/kds_v3/toolchain/bin/../lib/gcc/arm-none-eabi/4.8.4/../../../../arm-none-eabi/lib/armv6-m\libc_s.a
LOAD c:/freescale/kds_v3/toolchain/bin/../lib/gcc/arm-none-eabi/4.8.4/../../../../arm-none-eabi/lib/armv6-m\libnosys.a
END GROUP
START GROUP
LOAD c:/freescale/kds_v3/toolchain/bin/../lib/gcc/arm-none-eabi/4.8.4/armv6-m\libgcc.a
LOAD c:/freescale/kds_v3/toolchain/bin/../lib/gcc/arm-none-eabi/4.8.4/../../../../arm-none-eabi/lib/armv6-m\libc_s.a
LOAD c:/freescale/kds_v3/toolchain/bin/../lib/gcc/arm-none-eabi/4.8.4/../../../../arm-none-eabi/lib/armv6-m\libnosys.a
END GROUP
LOAD c:/freescale/kds_v3/toolchain/bin/../lib/gcc/arm-none-eabi/4.8.4/armv6-m/crtend.o
LOAD c:/freescale/kds_v3/toolchain/bin/../lib/gcc/arm-none-eabi/4.8.4/armv6-m/crtn.o
                0x00001400                HEAP_SIZE = DEFINED (__heap_size__)?__heap_size__:0x1400
                0x00001400                STACK_SIZE = DEFINED (__stack_size__)?__stack_size__:0x1400
                0x00000000                M_VECTOR_RAM_SIZE = DEFINED (__ram_vector_table__)?0x200:0x0

.interrupts     0x00000000       0xc0
                0x00000000                __VECTOR_TABLE = .
                0x00000000                . = ALIGN (0x4)
 *(.isr_vector)
 .isr_vector    0x00000000       0xc0 ./startup/startup_MKL25Z4.o
                0x00000000                __isr_vector
                0x000000c0                . = ALIGN (0x4)

.flash_config   0x00000400       0x10
                0x00000400                . = ALIGN (0x4)
 *(.FlashConfig)
 .FlashConfig   0x00000400       0x10 ./startup/startup_MKL25Z4.o
                0x00000410                . = ALIGN (0x4)

.text           0x00000410     0x1234
                0x00000410                . = ALIGN (0x4)
 *(.text)
 .text          0x00000410       0x60 c:/freescale/kds_v3/toolchain/bin/../lib/gcc/arm-none-eabi/4.8.4/armv6-m/crtbegin.o
 .text          0x00000470       0x78 c:/freescale/kds_v3/toolchain/bin/../lib/gcc/arm-none-eabi/4.8.4/../../../../arm-none-eabi/lib/armv6-m/crt0.o
                0x00000470                _start
                0x00000470                _mainCRTStartup
 .text          0x000004e8       0xd0 ./startup/startup_MKL25Z4.o
                0x000004e8                Reset_Handler
                0x00000530                Reserved45_IRQHandler
                0x00000530                PIT_IRQHandler
                0x00000530                USB0_IRQHandler
                0x00000530                CMP0_IRQHandler
                0x00000530                LPTMR0_IRQHandler
                0x00000530                FTFA_IRQHandler
                0x00000530                TPM0_IRQHandler
                0x00000530                LLWU_IRQHandler
                0x00000530                TSI0_IRQHandler
                0x00000530                PORTA_IRQHandler
                0x00000530                ADC0_IRQHandler
                0x00000530                Reserved39_IRQHandler
                0x00000530                LVD_LVW_IRQHandler
                0x00000530                DefaultISR
                0x00000530                PORTD_IRQHandler
                0x00000530                TPM2_IRQHandler
                0x00000530                RTC_IRQHandler
                0x00000530                Reserved20_IRQHandler
                0x00000530                RTC_Seconds_IRQHandler
                0x00000530                MCG_IRQHandler
                0x00000530                TPM1_IRQHandler
                0x00000530                DAC0_IRQHandler
                0x00000534                NMI_Handler
                0x00000538                HardFault_Handler
                0x0000053c                SVC_Handler
                0x00000540                PendSV_Handler
                0x0000054c                DMA1_IRQHandler
                0x00000550                DMA2_IRQHandler
                0x00000554                DMA3_IRQHandler
                0x00000558                I2C0_IRQHandler
                0x0000055c                I2C1_IRQHandler
                0x00000560                SPI0_IRQHandler
                0x00000564                SPI1_IRQHandler
                0x00000568                UART0_IRQHandler
                0x0000056c                UART1_IRQHandler
                0x00000570                UART2_IRQHandler
 .text          0x000005b8       0x9c c:/freescale/kds_v3/toolchain/bin/../lib/gcc/arm-none-eabi/4.8.4/armv6-m\libgcc.a(_udivsi3.o)
                0x000005b8                __aeabi_uidiv
                0x000005b8                __udivsi3
                0x00000640                __aeabi_uidivmod
 .text          0x00000654       0xc0 c:/freescale/kds_v3/toolchain/bin/../lib/gcc/arm-none-eabi/4.8.4/armv6-m\libgcc.a(_divsi3.o)
                0x00000654                __divsi3
                0x00000654                __aeabi_idiv
                0x00000700                __aeabi_idivmod
 .text          0x00000714        0x4 c:/freescale/kds_v3/toolchain/bin/../lib/gcc/arm-none-eabi/4.8.4/armv6-m\libgcc.a(_dvmd_tls.o)
                0x00000714                __aeabi_idiv0
                0x00000714                __aeabi_ldiv0
 *(.text*)
 .text.DbgConsole_Printf
                0x00000718       0x48 ./utilities/fsl_debug_console.o
                0x00000718                DbgConsole_Printf
 .text.DbgConsole_Putchar
                0x00000760       0x38 ./utilities/fsl_debug_console.o
                0x00000760                DbgConsole_Putchar
 .text.DbgConsole_PrintfPaddingCharacter
                0x00000798       0x48 ./utilities/fsl_debug_console.o
 .text.DbgConsole_ConvertRadixNumToString
                0x000007e0      0x118 ./utilities/fsl_debug_console.o
 .text.DbgConsole_PrintfFormattedData
                0x000008f8      0x344 ./utilities/fsl_debug_console.o
 .text._sbrk    0x00000c3c       0x5c ./utilities/fsl_sbrk.o
                0x00000c3c                _sbrk
 .text.NVIC_EnableIRQ
                0x00000c98       0x2c ./source/dma_memory.o
 .text.memmove_dma
                0x00000cc4      0x138 ./source/dma_memory.o
                0x00000cc4                memmove_dma
 .text.DMA0_IRQHandler
                0x00000dfc       0x24 ./source/dma_memory.o
                0x00000dfc                DMA0_IRQHandler
 .text.main     0x00000e20       0x94 ./source/main.o
                0x00000e20                main
 .text.SysTick_Handler
                0x00000eb4       0x18 ./source/systick.o
                0x00000eb4                SysTick_Handler
 .text.__assert_func
                0x00000ecc       0x28 ./drivers/fsl_common.o
                0x00000ecc                __assert_func
 .text.DMA_ClearChannelStatusFlags
                0x00000ef4       0x60 ./drivers/fsl_dma.o
 .text.DMA_HandleIRQ
                0x00000f54       0x60 ./drivers/fsl_dma.o
                0x00000f54                DMA_HandleIRQ
 .text.DMA0_DriverIRQHandler
                0x00000fb4       0x18 ./drivers/fsl_dma.o
                0x00000fb4                DMA0_DriverIRQHandler
 .text.DMA1_DriverIRQHandler
                0x00000fcc       0x18 ./drivers/fsl_dma.o
                0x00000fcc                DMA1_DriverIRQHandler
 .text.DMA2_DriverIRQHandler
                0x00000fe4       0x18 ./drivers/fsl_dma.o
                0x00000fe4                DMA2_DriverIRQHandler
 .text.DMA3_DriverIRQHandler
                0x00000ffc       0x18 ./drivers/fsl_dma.o
                0x00000ffc                DMA3_DriverIRQHandler
 .text.I2C_TransferCommonIRQHandler
                0x00001014       0x58 ./drivers/fsl_i2c.o
 .text.I2C0_DriverIRQHandler
                0x0000106c       0x20 ./drivers/fsl_i2c.o
                0x0000106c                I2C0_DriverIRQHandler
 .text.I2C1_DriverIRQHandler
                0x0000108c       0x20 ./drivers/fsl_i2c.o
                0x0000108c                I2C1_DriverIRQHandler
 .text.UART0_DriverIRQHandler
                0x000010ac       0x24 ./drivers/fsl_lpsci.o
                0x000010ac                UART0_DriverIRQHandler
 .text.SPI_CommonIRQHandler
                0x000010d0       0x54 ./drivers/fsl_spi.o
 .text.SPI0_DriverIRQHandler
                0x00001124       0x3c ./drivers/fsl_spi.o
                0x00001124                SPI0_DriverIRQHandler
 .text.SPI1_DriverIRQHandler
                0x00001160       0x3c ./drivers/fsl_spi.o
                0x00001160                SPI1_DriverIRQHandler
 .text.UART1_DriverIRQHandler
                0x0000119c       0x24 ./drivers/fsl_uart.o
                0x0000119c                UART1_DriverIRQHandler
 .text.UART2_DriverIRQHandler
                0x000011c0       0x24 ./drivers/fsl_uart.o
                0x000011c0                UART2_DriverIRQHandler
 .text.SystemInit
                0x000011e4       0x18 ./CMSIS/system_MKL25Z4.o
                0x000011e4                SystemInit
 .text.__errno  0x000011fc        0xc c:/freescale/kds_v3/toolchain/bin/../lib/gcc/arm-none-eabi/4.8.4/../../../../arm-none-eabi/lib/armv6-m\libg_s.a(lib_a-errno.o)
                0x000011fc                __errno
 .text.exit     0x00001208       0x2c c:/freescale/kds_v3/toolchain/bin/../lib/gcc/arm-none-eabi/4.8.4/../../../../arm-none-eabi/lib/armv6-m\libg_s.a(lib_a-exit.o)
                0x00001208                exit
 .text.__libc_init_array
                0x00001234       0x4c c:/freescale/kds_v3/toolchain/bin/../lib/gcc/arm-none-eabi/4.8.4/../../../../arm-none-eabi/lib/armv6-m\libg_s.a(lib_a-init.o)
                0x00001234                __libc_init_array
 .text.malloc   0x00001280       0x14 c:/freescale/kds_v3/toolchain/bin/../lib/gcc/arm-none-eabi/4.8.4/../../../../arm-none-eabi/lib/armv6-m\libg_s.a(lib_a-malloc.o)
                0x00001280                malloc
 .text.memset   0x00001294       0x10 c:/freescale/kds_v3/toolchain/bin/../lib/gcc/arm-none-eabi/4.8.4/../../../../arm-none-eabi/lib/armv6-m\libg_s.a(lib_a-memset.o)
                0x00001294                memset
 .text._malloc_r
                0x000012a4       0xa8 c:/freescale/kds_v3/toolchain/bin/../lib/gcc/arm-none-eabi/4.8.4/../../../../arm-none-eabi/lib/armv6-m\libg_s.a(lib_a-nano-mallocr.o)
                0x000012a4                _malloc_r
 .text._sbrk_r  0x0000134c       0x24 c:/freescale/kds_v3/toolchain/bin/../lib/gcc/arm-none-eabi/4.8.4/../../../../arm-none-eabi/lib/armv6-m\libg_s.a(lib_a-sbrkr.o)
                0x0000134c                _sbrk_r
 .text.strlen   0x00001370        0xe c:/freescale/kds_v3/toolchain/bin/../lib/gcc/arm-none-eabi/4.8.4/../../../../arm-none-eabi/lib/armv6-m\libg_s.a(lib_a-strlen.o)
                0x00001370                strlen
 *fill*         0x0000137e        0x2 
 .text._exit    0x00001380        0x4 c:/freescale/kds_v3/toolchain/bin/../lib/gcc/arm-none-eabi/4.8.4/../../../../arm-none-eabi/lib/armv6-m\libnosys.a(_exit.o)
                0x00001380                _exit
 *(.rodata)
 .rodata        0x00001384       0x40 ./drivers/fsl_common.o
 .rodata        0x000013c4      0x168 ./drivers/fsl_dma.o
 .rodata        0x0000152c       0x9c ./drivers/fsl_spi.o
 *(.rodata*)
 .rodata.__func__.5868
                0x000015c8       0x10 ./drivers/fsl_dma.o
 .rodata.__func__.5736
                0x000015d8       0x1c ./drivers/fsl_dma.o
 .rodata.__func__.5975
                0x000015f4       0x18 ./drivers/fsl_spi.o
 .rodata.__func__.5979
                0x0000160c       0x18 ./drivers/fsl_spi.o
 .rodata.str1.1
                0x00001624        0x2 c:/freescale/kds_v3/toolchain/bin/../lib/gcc/arm-none-eabi/4.8.4/../../../../arm-none-eabi/lib/armv6-m\libg_s.a(lib_a-impure.o)
 *fill*         0x00001626        0x2 
 .rodata._global_impure_ptr
                0x00001628        0x4 c:/freescale/kds_v3/toolchain/bin/../lib/gcc/arm-none-eabi/4.8.4/../../../../arm-none-eabi/lib/armv6-m\libg_s.a(lib_a-impure.o)
                0x00001628                _global_impure_ptr
 *(.glue_7)
 .glue_7        0x00000000        0x0 linker stubs
 *(.glue_7t)
 .glue_7t       0x00000000        0x0 linker stubs
 *(.eh_frame)
 .eh_frame      0x0000162c        0x0 c:/freescale/kds_v3/toolchain/bin/../lib/gcc/arm-none-eabi/4.8.4/armv6-m/crtbegin.o
 *(.init)
 .init          0x0000162c        0x4 c:/freescale/kds_v3/toolchain/bin/../lib/gcc/arm-none-eabi/4.8.4/armv6-m/crti.o
                0x0000162c                _init
 .init          0x00001630        0x8 c:/freescale/kds_v3/toolchain/bin/../lib/gcc/arm-none-eabi/4.8.4/armv6-m/crtn.o
 *(.fini)
 .fini          0x00001638        0x4 c:/freescale/kds_v3/toolchain/bin/../lib/gcc/arm-none-eabi/4.8.4/armv6-m/crti.o
                0x00001638                _fini
 .fini          0x0000163c        0x8 c:/freescale/kds_v3/toolchain/bin/../lib/gcc/arm-none-eabi/4.8.4/armv6-m/crtn.o
                0x00001644                . = ALIGN (0x4)

.vfp11_veneer   0x00001644        0x0
 .vfp11_veneer  0x00000000        0x0 linker stubs

.v4_bx          0x00001644        0x0
 .v4_bx         0x00000000        0x0 linker stubs

.iplt           0x00001644        0x0
 .iplt          0x00000000        0x0 c:/freescale/kds_v3/toolchain/bin/../lib/gcc/arm-none-eabi/4.8.4/armv6-m/crtbegin.o

.ARM.extab
 *(.ARM.extab* .gnu.linkonce.armextab.*)

.ARM            0x00001644        0x8
                0x00001644                __exidx_start = .
 *(.ARM.exidx*)
 .ARM.exidx     0x00001644        0x8 c:/freescale/kds_v3/toolchain/bin/../lib/gcc/arm-none-eabi/4.8.4/../../../../arm-none-eabi/lib/armv6-m/crt0.o
                0x0000164c                __exidx_end = .

.rel.dyn        0x0000164c        0x0
 .rel.iplt      0x00000000        0x0 c:/freescale/kds_v3/toolchain/bin/../lib/gcc/arm-none-eabi/4.8.4/armv6-m/crtbegin.o

.ctors          0x0000164c        0x0
                0x0000164c                __CTOR_LIST__ = .
 *crtbegin.o(.ctors)
 *crtbegin?.o(.ctors)
 *(EXCLUDE_FILE(*crtend.o *crtend?.o) .ctors)
 *(SORT(.ctors.*))
 *(.ctors)
                0x0000164c                __CTOR_END__ = .

.dtors          0x0000164c        0x0
                0x0000164c                __DTOR_LIST__ = .
 *crtbegin.o(.dtors)
 *crtbegin?.o(.dtors)
 *(EXCLUDE_FILE(*crtend.o *crtend?.o) .dtors)
 *(SORT(.dtors.*))
 *(.dtors)
                0x0000164c                __DTOR_END__ = .

.preinit_array  0x0000164c        0x0
                0x0000164c                PROVIDE (__preinit_array_start, .)
 *(.preinit_array*)
                0x0000164c                PROVIDE (__preinit_array_end, .)

.init_array     0x0000164c        0x4
                0x0000164c                PROVIDE (__init_array_start, .)
 *(SORT(.init_array.*))
 *(.init_array*)
 .init_array    0x0000164c        0x4 c:/freescale/kds_v3/toolchain/bin/../lib/gcc/arm-none-eabi/4.8.4/armv6-m/crtbegin.o
                0x00001650                PROVIDE (__init_array_end, .)

.fini_array     0x00001650        0x4
                0x00001650                PROVIDE (__fini_array_start, .)
 *(SORT(.fini_array.*))
 *(.fini_array*)
 .fini_array    0x00001650        0x4 c:/freescale/kds_v3/toolchain/bin/../lib/gcc/arm-none-eabi/4.8.4/armv6-m/crtbegin.o
                0x00001654                PROVIDE (__fini_array_end, .)
                0x00001654                __etext = .
                0x00001654                __DATA_ROM = .

.mtb            0x1ffff000        0x0
                0x1ffff000                . = ALIGN (0x8)
                0x1ffff000                _mtb_start = .
 *(.mtb_buf)
                0x1ffff000                . = ALIGN (0x8)
                0x1ffff000                _mtb_end = .

.interrupts_ram
                0x1ffff000        0x0
                0x1ffff000                . = ALIGN (0x4)
                0x1ffff000                __VECTOR_RAM__ = .
                0x1ffff000                __interrupts_ram_start__ = .
 *(.m_interrupts_ram)
                0x1ffff000                . = (. + M_VECTOR_RAM_SIZE)
                0x1ffff000                . = ALIGN (0x4)
                0x1ffff000                __interrupts_ram_end__ = .
                0x00000000                __VECTOR_RAM = DEFINED (__ram_vector_table__)?__VECTOR_RAM__:ORIGIN (m_interrupts)
                0x00000000                __RAM_VECTOR_TABLE_SIZE_BYTES = DEFINED (__ram_vector_table__)?(__interrupts_ram_end__ - __interrupts_ram_start__):0x0

.data           0x1ffff000       0x68 load address 0x00001654
                0x1ffff000                . = ALIGN (0x4)
                0x1ffff000                __DATA_RAM = .
                0x1ffff000                __data_start__ = .
 *(.data)
 *(.data*)
 .data.impure_data
                0x1ffff000       0x60 c:/freescale/kds_v3/toolchain/bin/../lib/gcc/arm-none-eabi/4.8.4/../../../../arm-none-eabi/lib/armv6-m\libg_s.a(lib_a-impure.o)
 .data._impure_ptr
                0x1ffff060        0x4 c:/freescale/kds_v3/toolchain/bin/../lib/gcc/arm-none-eabi/4.8.4/../../../../arm-none-eabi/lib/armv6-m\libg_s.a(lib_a-impure.o)
                0x1ffff060                _impure_ptr
 *(.jcr*)
 .jcr           0x1ffff064        0x0 c:/freescale/kds_v3/toolchain/bin/../lib/gcc/arm-none-eabi/4.8.4/armv6-m/crtbegin.o
 .jcr           0x1ffff064        0x4 c:/freescale/kds_v3/toolchain/bin/../lib/gcc/arm-none-eabi/4.8.4/armv6-m/crtend.o
                0x1ffff068                . = ALIGN (0x4)
                0x1ffff068                __data_end__ = .
                0x000016bc                __DATA_END = (__DATA_ROM + (__data_end__ - __data_start__))
                0x00020000                text_end = (ORIGIN (m_text) + 0x1fbf0)
                0x00000001                ASSERT ((__DATA_END <= text_end), region m_text overflowed with text and data)

.igot.plt       0x1ffff068        0x0 load address 0x000016bc
 .igot.plt      0x00000000        0x0 c:/freescale/kds_v3/toolchain/bin/../lib/gcc/arm-none-eabi/4.8.4/armv6-m/crtbegin.o

.bss            0x1ffff068       0x88 load address 0x000016bc
                0x1ffff068                . = ALIGN (0x4)
                0x1ffff068                __START_BSS = .
                0x1ffff068                __bss_start__ = .
 *(.bss)
 .bss           0x1ffff068       0x1c c:/freescale/kds_v3/toolchain/bin/../lib/gcc/arm-none-eabi/4.8.4/armv6-m/crtbegin.o
 *(.bss*)
 .bss.s_debugConsole
                0x1ffff084       0x10 ./utilities/fsl_debug_console.o
 .bss.heap_end.4969
                0x1ffff094        0x4 ./utilities/fsl_sbrk.o
 .bss.s_DMAHandle
                0x1ffff098       0x10 ./drivers/fsl_dma.o
 .bss.s_i2cHandle
                0x1ffff0a8        0x8 ./drivers/fsl_i2c.o
 .bss.s_i2cMasterIsr
                0x1ffff0b0        0x4 ./drivers/fsl_i2c.o
 .bss.s_i2cSlaveIsr
                0x1ffff0b4        0x4 ./drivers/fsl_i2c.o
 .bss.s_lpsciHandle
                0x1ffff0b8        0x4 ./drivers/fsl_lpsci.o
 .bss.s_lpsciIsr
                0x1ffff0bc        0x4 ./drivers/fsl_lpsci.o
 .bss.s_spiHandle
                0x1ffff0c0        0x8 ./drivers/fsl_spi.o
 .bss.s_spiMasterIsr
                0x1ffff0c8        0x4 ./drivers/fsl_spi.o
 .bss.s_spiSlaveIsr
                0x1ffff0cc        0x4 ./drivers/fsl_spi.o
 .bss.s_uartHandle
                0x1ffff0d0        0xc ./drivers/fsl_uart.o
 .bss.s_uartIsr
                0x1ffff0dc        0x4 ./drivers/fsl_uart.o
 .bss.__malloc_sbrk_start
                0x1ffff0e0        0x4 c:/freescale/kds_v3/toolchain/bin/../lib/gcc/arm-none-eabi/4.8.4/../../../../arm-none-eabi/lib/armv6-m\libg_s.a(lib_a-nano-mallocr.o)
                0x1ffff0e0                __malloc_sbrk_start
 .bss.__malloc_free_list
                0x1ffff0e4        0x4 c:/freescale/kds_v3/toolchain/bin/../lib/gcc/arm-none-eabi/4.8.4/../../../../arm-none-eabi/lib/armv6-m\libg_s.a(lib_a-nano-mallocr.o)
                0x1ffff0e4                __malloc_free_list
 *(COMMON)
 COMMON         0x1ffff0e8        0x4 ./source/main.o
                0x1ffff0e8                usec_count
 COMMON         0x1ffff0ec        0x4 c:/freescale/kds_v3/toolchain/bin/../lib/gcc/arm-none-eabi/4.8.4/../../../../arm-none-eabi/lib/armv6-m\libg_s.a(lib_a-reent.o)
                0x1ffff0ec                errno
                0x1ffff0f0                . = ALIGN (0x4)
                0x1ffff0f0                __bss_end__ = .
                0x1ffff0f0                __END_BSS = .

.heap           0x1ffff0f0     0x1400 load address 0x00001744
                0x1ffff0f0                . = ALIGN (0x8)
                0x1ffff0f0                __end__ = .
                0x1ffff0f0                PROVIDE (end, .)
                0x1ffff0f0                __HeapBase = .
                0x200004f0                . = (. + HEAP_SIZE)
 *fill*         0x1ffff0f0     0x1400 
                0x200004f0                __HeapLimit = .
                0x200004f0                __heap_limit = .

.stack          0x200004f0     0x1400 load address 0x00002b44
                0x200004f0                . = ALIGN (0x8)
                0x200018f0                . = (. + STACK_SIZE)
 *fill*         0x200004f0     0x1400 
                0x20003000                __StackTop = (ORIGIN (m_data) + 0x4000)
                0x20001c00                __StackLimit = (__StackTop - STACK_SIZE)
                0x20003000                PROVIDE (__stack, __StackTop)

.ARM.attributes
                0x00000000       0x28
 *(.ARM.attributes)
 .ARM.attributes
                0x00000000       0x1e c:/freescale/kds_v3/toolchain/bin/../lib/gcc/arm-none-eabi/4.8.4/armv6-m/crti.o
 .ARM.attributes
                0x0000001e       0x2c c:/freescale/kds_v3/toolchain/bin/../lib/gcc/arm-none-eabi/4.8.4/armv6-m/crtbegin.o
 .ARM.attributes
                0x0000004a       0x1b c:/freescale/kds_v3/toolchain/bin/../lib/gcc/arm-none-eabi/4.8.4/../../../../arm-none-eabi/lib/armv6-m/crt0.o
 .ARM.attributes
                0x00000065       0x32 ./utilities/fsl_debug_console.o
 .ARM.attributes
                0x00000097       0x32 ./utilities/fsl_sbrk.o
 .ARM.attributes
                0x000000c9       0x1b ./startup/startup_MKL25Z4.o
 .ARM.attributes
                0x000000e4       0x32 ./source/dma_memory.o
 .ARM.attributes
                0x00000116       0x32 ./source/main.o
 .ARM.attributes
                0x00000148       0x32 ./source/systick.o
 .ARM.attributes
                0x0000017a       0x32 ./drivers/fsl_common.o
 .ARM.attributes
                0x000001ac       0x32 ./drivers/fsl_dma.o
 .ARM.attributes
                0x000001de       0x32 ./drivers/fsl_i2c.o
 .ARM.attributes
                0x00000210       0x32 ./drivers/fsl_lpsci.o
 .ARM.attributes
                0x00000242       0x32 ./drivers/fsl_spi.o
 .ARM.attributes
                0x00000274       0x32 ./drivers/fsl_uart.o
 .ARM.attributes
                0x000002a6       0x32 ./CMSIS/system_MKL25Z4.o
 .ARM.attributes
                0x000002d8       0x1e c:/freescale/kds_v3/toolchain/bin/../lib/gcc/arm-none-eabi/4.8.4/armv6-m\libgcc.a(_udivsi3.o)
 .ARM.attributes
                0x000002f6       0x1e c:/freescale/kds_v3/toolchain/bin/../lib/gcc/arm-none-eabi/4.8.4/armv6-m\libgcc.a(_divsi3.o)
 .ARM.attributes
                0x00000314       0x1e c:/freescale/kds_v3/toolchain/bin/../lib/gcc/arm-none-eabi/4.8.4/armv6-m\libgcc.a(_dvmd_tls.o)
 .ARM.attributes
                0x00000332       0x2c c:/freescale/kds_v3/toolchain/bin/../lib/gcc/arm-none-eabi/4.8.4/../../../../arm-none-eabi/lib/armv6-m\libg_s.a(lib_a-errno.o)
 .ARM.attributes
                0x0000035e       0x2c c:/freescale/kds_v3/toolchain/bin/../lib/gcc/arm-none-eabi/4.8.4/../../../../arm-none-eabi/lib/armv6-m\libg_s.a(lib_a-exit.o)
 .ARM.attributes
                0x0000038a       0x2c c:/freescale/kds_v3/toolchain/bin/../lib/gcc/arm-none-eabi/4.8.4/../../../../arm-none-eabi/lib/armv6-m\libg_s.a(lib_a-impure.o)
 .ARM.attributes
                0x000003b6       0x2c c:/freescale/kds_v3/toolchain/bin/../lib/gcc/arm-none-eabi/4.8.4/../../../../arm-none-eabi/lib/armv6-m\libg_s.a(lib_a-init.o)
 .ARM.attributes
                0x000003e2       0x2c c:/freescale/kds_v3/toolchain/bin/../lib/gcc/arm-none-eabi/4.8.4/../../../../arm-none-eabi/lib/armv6-m\libg_s.a(lib_a-malloc.o)
 .ARM.attributes
                0x0000040e       0x2c c:/freescale/kds_v3/toolchain/bin/../lib/gcc/arm-none-eabi/4.8.4/../../../../arm-none-eabi/lib/armv6-m\libg_s.a(lib_a-memset.o)
 .ARM.attributes
                0x0000043a       0x2c c:/freescale/kds_v3/toolchain/bin/../lib/gcc/arm-none-eabi/4.8.4/../../../../arm-none-eabi/lib/armv6-m\libg_s.a(lib_a-nano-mallocr.o)
 .ARM.attributes
                0x00000466       0x2c c:/freescale/kds_v3/toolchain/bin/../lib/gcc/arm-none-eabi/4.8.4/../../../../arm-none-eabi/lib/armv6-m\libg_s.a(lib_a-sbrkr.o)
 .ARM.attributes
                0x00000492       0x2c c:/freescale/kds_v3/toolchain/bin/../lib/gcc/arm-none-eabi/4.8.4/../../../../arm-none-eabi/lib/armv6-m\libg_s.a(lib_a-strlen.o)
 .ARM.attributes
                0x000004be       0x2c c:/freescale/kds_v3/toolchain/bin/../lib/gcc/arm-none-eabi/4.8.4/../../../../arm-none-eabi/lib/armv6-m\libg_s.a(lib_a-reent.o)
 .ARM.attributes
                0x000004ea       0x2c c:/freescale/kds_v3/toolchain/bin/../lib/gcc/arm-none-eabi/4.8.4/../../../../arm-none-eabi/lib/armv6-m\libnosys.a(_exit.o)
 .ARM.attributes
                0x00000516       0x2c c:/freescale/kds_v3/toolchain/bin/../lib/gcc/arm-none-eabi/4.8.4/armv6-m/crtend.o
 .ARM.attributes
                0x00000542       0x1e c:/freescale/kds_v3/toolchain/bin/../lib/gcc/arm-none-eabi/4.8.4/armv6-m/crtn.o
                0x00000001                ASSERT ((__StackLimit >= __HeapLimit), region m_data overflowed with stack and heap)
OUTPUT(project3.elf elf32-littlearm)

.debug_info     0x00000000     0x8ba0
 .debug_info    0x00000000      0xe48 ./utilities/fsl_debug_console.o
 .debug_info    0x00000e48      0x112 ./utilities/fsl_sbrk.o
 .debug_info    0x00000f5a       0x78 ./startup/startup_MKL25Z4.o
 .debug_info    0x00000fd2      0x643 ./source/dma_memory.o
 .debug_info    0x00001615      0x124 ./source/main.o
 .debug_info    0x00001739      0x114 ./source/systick.o
 .debug_info    0x0000184d      0x43f ./drivers/fsl_common.o
 .debug_info    0x00001c8c     0x103b ./drivers/fsl_dma.o
 .debug_info    0x00002cc7     0x1b28 ./drivers/fsl_i2c.o
 .debug_info    0x000047ef     0x15c8 ./drivers/fsl_lpsci.o
 .debug_info    0x00005db7     0x14b1 ./drivers/fsl_spi.o
 .debug_info    0x00007268     0x154e ./drivers/fsl_uart.o
 .debug_info    0x000087b6      0x3ea ./CMSIS/system_MKL25Z4.o

.debug_abbrev   0x00000000     0x1627
 .debug_abbrev  0x00000000      0x254 ./utilities/fsl_debug_console.o
 .debug_abbrev  0x00000254       0xa3 ./utilities/fsl_sbrk.o
 .debug_abbrev  0x000002f7       0x14 ./startup/startup_MKL25Z4.o
 .debug_abbrev  0x0000030b      0x192 ./source/dma_memory.o
 .debug_abbrev  0x0000049d       0x9c ./source/main.o
 .debug_abbrev  0x00000539       0xbf ./source/systick.o
 .debug_abbrev  0x000005f8      0x222 ./drivers/fsl_common.o
 .debug_abbrev  0x0000081a      0x269 ./drivers/fsl_dma.o
 .debug_abbrev  0x00000a83      0x2f7 ./drivers/fsl_i2c.o
 .debug_abbrev  0x00000d7a      0x284 ./drivers/fsl_lpsci.o
 .debug_abbrev  0x00000ffe      0x284 ./drivers/fsl_spi.o
 .debug_abbrev  0x00001282      0x29c ./drivers/fsl_uart.o
 .debug_abbrev  0x0000151e      0x109 ./CMSIS/system_MKL25Z4.o

.debug_aranges  0x00000000      0x778
 .debug_aranges
                0x00000000       0xa0 ./utilities/fsl_debug_console.o
 .debug_aranges
                0x000000a0       0x20 ./utilities/fsl_sbrk.o
 .debug_aranges
                0x000000c0       0x20 ./startup/startup_MKL25Z4.o
 .debug_aranges
                0x000000e0       0x30 ./source/dma_memory.o
 .debug_aranges
                0x00000110       0x20 ./source/main.o
 .debug_aranges
                0x00000130       0x28 ./source/systick.o
 .debug_aranges
                0x00000158       0x38 ./drivers/fsl_common.o
 .debug_aranges
                0x00000190       0xd0 ./drivers/fsl_dma.o
 .debug_aranges
                0x00000260      0x178 ./drivers/fsl_i2c.o
 .debug_aranges
                0x000003d8      0x118 ./drivers/fsl_lpsci.o
 .debug_aranges
                0x000004f0      0x130 ./drivers/fsl_spi.o
 .debug_aranges
                0x00000620      0x130 ./drivers/fsl_uart.o
 .debug_aranges
                0x00000750       0x28 ./CMSIS/system_MKL25Z4.o

.debug_ranges   0x00000000      0x698
 .debug_ranges  0x00000000       0x90 ./utilities/fsl_debug_console.o
 .debug_ranges  0x00000090       0x10 ./utilities/fsl_sbrk.o
 .debug_ranges  0x000000a0       0x20 ./source/dma_memory.o
 .debug_ranges  0x000000c0       0x10 ./source/main.o
 .debug_ranges  0x000000d0       0x18 ./source/systick.o
 .debug_ranges  0x000000e8       0x28 ./drivers/fsl_common.o
 .debug_ranges  0x00000110       0xc0 ./drivers/fsl_dma.o
 .debug_ranges  0x000001d0      0x168 ./drivers/fsl_i2c.o
 .debug_ranges  0x00000338      0x108 ./drivers/fsl_lpsci.o
 .debug_ranges  0x00000440      0x120 ./drivers/fsl_spi.o
 .debug_ranges  0x00000560      0x120 ./drivers/fsl_uart.o
 .debug_ranges  0x00000680       0x18 ./CMSIS/system_MKL25Z4.o

.debug_macro    0x00000000     0xc881
 .debug_macro   0x00000000      0x1ec ./utilities/fsl_debug_console.o
 .debug_macro   0x000001ec      0x820 ./utilities/fsl_debug_console.o
 .debug_macro   0x00000a0c       0x58 ./utilities/fsl_debug_console.o
 .debug_macro   0x00000a64       0x58 ./utilities/fsl_debug_console.o
 .debug_macro   0x00000abc       0x16 ./utilities/fsl_debug_console.o
 .debug_macro   0x00000ad2       0x35 ./utilities/fsl_debug_console.o
 .debug_macro   0x00000b07       0xa3 ./utilities/fsl_debug_console.o
 .debug_macro   0x00000baa       0x16 ./utilities/fsl_debug_console.o
 .debug_macro   0x00000bc0      0x10e ./utilities/fsl_debug_console.o
 .debug_macro   0x00000cce       0x7f ./utilities/fsl_debug_console.o
 .debug_macro   0x00000d4d       0x4a ./utilities/fsl_debug_console.o
 .debug_macro   0x00000d97       0x52 ./utilities/fsl_debug_console.o
 .debug_macro   0x00000de9       0x16 ./utilities/fsl_debug_console.o
 .debug_macro   0x00000dff       0x43 ./utilities/fsl_debug_console.o
 .debug_macro   0x00000e42      0x180 ./utilities/fsl_debug_console.o
 .debug_macro   0x00000fc2       0x16 ./utilities/fsl_debug_console.o
 .debug_macro   0x00000fd8       0x29 ./utilities/fsl_debug_console.o
 .debug_macro   0x00001001      0x1e1 ./utilities/fsl_debug_console.o
 .debug_macro   0x000011e2       0x16 ./utilities/fsl_debug_console.o
 .debug_macro   0x000011f8       0x22 ./utilities/fsl_debug_console.o
 .debug_macro   0x0000121a      0x20f ./utilities/fsl_debug_console.o
 .debug_macro   0x00001429      0x2a6 ./utilities/fsl_debug_console.o
 .debug_macro   0x000016cf       0x10 ./utilities/fsl_debug_console.o
 .debug_macro   0x000016df       0x35 ./utilities/fsl_debug_console.o
 .debug_macro   0x00001714       0x1f ./utilities/fsl_debug_console.o
 .debug_macro   0x00001733       0x10 ./utilities/fsl_debug_console.o
 .debug_macro   0x00001743       0x4c ./utilities/fsl_debug_console.o
 .debug_macro   0x0000178f       0x3a ./utilities/fsl_debug_console.o
 .debug_macro   0x000017c9       0x26 ./utilities/fsl_debug_console.o
 .debug_macro   0x000017ef      0x329 ./utilities/fsl_debug_console.o
 .debug_macro   0x00001b18       0x30 ./utilities/fsl_debug_console.o
 .debug_macro   0x00001b48     0x8439 ./utilities/fsl_debug_console.o
 .debug_macro   0x00009f81     0x1352 ./utilities/fsl_debug_console.o
 .debug_macro   0x0000b2d3       0x3a ./utilities/fsl_debug_console.o
 .debug_macro   0x0000b30d       0xf4 ./utilities/fsl_debug_console.o
 .debug_macro   0x0000b401       0x35 ./utilities/fsl_debug_console.o
 .debug_macro   0x0000b436       0x3a ./utilities/fsl_debug_console.o
 .debug_macro   0x0000b470       0x10 ./utilities/fsl_debug_console.o
 .debug_macro   0x0000b480       0x10 ./utilities/fsl_debug_console.o
 .debug_macro   0x0000b490       0xfd ./utilities/fsl_sbrk.o
 .debug_macro   0x0000b58d       0x16 ./utilities/fsl_sbrk.o
 .debug_macro   0x0000b5a3       0x97 ./utilities/fsl_sbrk.o
 .debug_macro   0x0000b63a       0x10 ./utilities/fsl_sbrk.o
 .debug_macro   0x0000b64a       0xef ./utilities/fsl_sbrk.o
 .debug_macro   0x0000b739       0x10 ./utilities/fsl_sbrk.o
 .debug_macro   0x0000b749       0x22 ./utilities/fsl_sbrk.o
 .debug_macro   0x0000b76b       0xbd ./utilities/fsl_sbrk.o
 .debug_macro   0x0000b828       0x16 ./utilities/fsl_sbrk.o
 .debug_macro   0x0000b83e      0x16c ./utilities/fsl_sbrk.o
 .debug_macro   0x0000b9aa       0x10 ./utilities/fsl_sbrk.o
 .debug_macro   0x0000b9ba      0x241 ./utilities/fsl_sbrk.o
 .debug_macro   0x0000bbfb      0x148 ./source/dma_memory.o
 .debug_macro   0x0000bd43       0x44 ./source/dma_memory.o
 .debug_macro   0x0000bd87       0x59 ./source/main.o
 .debug_macro   0x0000bde0       0x9e ./source/systick.o
 .debug_macro   0x0000be7e      0x18e ./drivers/fsl_common.o
 .debug_macro   0x0000c00c      0x18b ./drivers/fsl_dma.o
 .debug_macro   0x0000c197      0x18a ./drivers/fsl_i2c.o
 .debug_macro   0x0000c321       0x10 ./drivers/fsl_i2c.o
 .debug_macro   0x0000c331      0x18b ./drivers/fsl_lpsci.o
 .debug_macro   0x0000c4bc      0x18a ./drivers/fsl_spi.o
 .debug_macro   0x0000c646       0x10 ./drivers/fsl_spi.o
 .debug_macro   0x0000c656      0x191 ./drivers/fsl_uart.o
 .debug_macro   0x0000c7e7       0x9a ./CMSIS/system_MKL25Z4.o

.debug_line     0x00000000     0x405d
 .debug_line    0x00000000      0x7ea ./utilities/fsl_debug_console.o
 .debug_line    0x000007ea      0x212 ./utilities/fsl_sbrk.o
 .debug_line    0x000009fc       0xc9 ./startup/startup_MKL25Z4.o
 .debug_line    0x00000ac5      0x2be ./source/dma_memory.o
 .debug_line    0x00000d83      0x1a6 ./source/main.o
 .debug_line    0x00000f29      0x1f6 ./source/systick.o
 .debug_line    0x0000111f      0x3bd ./drivers/fsl_common.o
 .debug_line    0x000014dc      0x5e9 ./drivers/fsl_dma.o
 .debug_line    0x00001ac5      0xac9 ./drivers/fsl_i2c.o
 .debug_line    0x0000258e      0x85d ./drivers/fsl_lpsci.o
 .debug_line    0x00002deb      0x7ad ./drivers/fsl_spi.o
 .debug_line    0x00003598      0x86d ./drivers/fsl_uart.o
 .debug_line    0x00003e05      0x258 ./CMSIS/system_MKL25Z4.o

.debug_str      0x00000000    0x4157f
 .debug_str     0x00000000    0x3d194 ./utilities/fsl_debug_console.o
                              0x3d748 (size before relaxing)
 .debug_str     0x0003d194      0xfc0 ./utilities/fsl_sbrk.o
                               0x4ac6 (size before relaxing)
 .debug_str     0x0003e154      0x372 ./source/dma_memory.o
                              0x33bd7 (size before relaxing)
 .debug_str     0x0003e4c6       0x33 ./source/main.o
                               0x3152 (size before relaxing)
 .debug_str     0x0003e4f9       0xa8 ./source/systick.o
                              0x32232 (size before relaxing)
 .debug_str     0x0003e5a1      0x147 ./drivers/fsl_common.o
                              0x3c222 (size before relaxing)
 .debug_str     0x0003e6e8      0x907 ./drivers/fsl_dma.o
                              0x3cef1 (size before relaxing)
 .debug_str     0x0003efef      0xc1a ./drivers/fsl_i2c.o
                              0x3d408 (size before relaxing)
 .debug_str     0x0003fc09      0x91a ./drivers/fsl_lpsci.o
                              0x3d236 (size before relaxing)
 .debug_str     0x00040523      0x7b6 ./drivers/fsl_spi.o
                              0x3cff8 (size before relaxing)
 .debug_str     0x00040cd9      0x832 ./drivers/fsl_uart.o
                              0x3d259 (size before relaxing)
 .debug_str     0x0004150b       0x74 ./CMSIS/system_MKL25Z4.o
                              0x390b9 (size before relaxing)

.comment        0x00000000       0x70
 .comment       0x00000000       0x70 ./utilities/fsl_debug_console.o
                                 0x71 (size before relaxing)
 .comment       0x00000000       0x71 ./utilities/fsl_sbrk.o
 .comment       0x00000000       0x71 ./source/dma_memory.o
 .comment       0x00000000       0x71 ./source/main.o
 .comment       0x00000000       0x71 ./source/systick.o
 .comment       0x00000000       0x71 ./drivers/fsl_common.o
 .comment       0x00000000       0x71 ./drivers/fsl_dma.o
 .comment       0x00000000       0x71 ./drivers/fsl_i2c.o
 .comment       0x00000000       0x71 ./drivers/fsl_lpsci.o
 .comment       0x00000000       0x71 ./drivers/fsl_spi.o
 .comment       0x00000000       0x71 ./drivers/fsl_uart.o
 .comment       0x00000000       0x71 ./CMSIS/system_MKL25Z4.o

.debug_frame    0x00000000     0x1b4c
 .debug_frame   0x00000000      0x22c ./utilities/fsl_debug_console.o
 .debug_frame   0x0000022c       0x30 ./utilities/fsl_sbrk.o
 .debug_frame   0x0000025c       0x6c ./source/dma_memory.o
 .debug_frame   0x000002c8       0x30 ./source/main.o
 .debug_frame   0x000002f8       0x48 ./source/systick.o
 .debug_frame   0x00000340       0x90 ./drivers/fsl_common.o
 .debug_frame   0x000003d0      0x2e0 ./drivers/fsl_dma.o
 .debug_frame   0x000006b0      0x588 ./drivers/fsl_i2c.o
 .debug_frame   0x00000c38      0x40c ./drivers/fsl_lpsci.o
 .debug_frame   0x00001044      0x468 ./drivers/fsl_spi.o
 .debug_frame   0x000014ac      0x460 ./drivers/fsl_uart.o
 .debug_frame   0x0000190c       0x4c ./CMSIS/system_MKL25Z4.o
 .debug_frame   0x00001958       0x20 c:/freescale/kds_v3/toolchain/bin/../lib/gcc/arm-none-eabi/4.8.4/armv6-m\libgcc.a(_udivsi3.o)
 .debug_frame   0x00001978       0x20 c:/freescale/kds_v3/toolchain/bin/../lib/gcc/arm-none-eabi/4.8.4/armv6-m\libgcc.a(_divsi3.o)
 .debug_frame   0x00001998       0x20 c:/freescale/kds_v3/toolchain/bin/../lib/gcc/arm-none-eabi/4.8.4/../../../../arm-none-eabi/lib/armv6-m\libg_s.a(lib_a-errno.o)
 .debug_frame   0x000019b8       0x28 c:/freescale/kds_v3/toolchain/bin/../lib/gcc/arm-none-eabi/4.8.4/../../../../arm-none-eabi/lib/armv6-m\libg_s.a(lib_a-exit.o)
 .debug_frame   0x000019e0       0x2c c:/freescale/kds_v3/toolchain/bin/../lib/gcc/arm-none-eabi/4.8.4/../../../../arm-none-eabi/lib/armv6-m\libg_s.a(lib_a-init.o)
 .debug_frame   0x00001a0c       0x40 c:/freescale/kds_v3/toolchain/bin/../lib/gcc/arm-none-eabi/4.8.4/../../../../arm-none-eabi/lib/armv6-m\libg_s.a(lib_a-malloc.o)
 .debug_frame   0x00001a4c       0x20 c:/freescale/kds_v3/toolchain/bin/../lib/gcc/arm-none-eabi/4.8.4/../../../../arm-none-eabi/lib/armv6-m\libg_s.a(lib_a-memset.o)
 .debug_frame   0x00001a6c       0x2c c:/freescale/kds_v3/toolchain/bin/../lib/gcc/arm-none-eabi/4.8.4/../../../../arm-none-eabi/lib/armv6-m\libg_s.a(lib_a-nano-mallocr.o)
 .debug_frame   0x00001a98       0x2c c:/freescale/kds_v3/toolchain/bin/../lib/gcc/arm-none-eabi/4.8.4/../../../../arm-none-eabi/lib/armv6-m\libg_s.a(lib_a-sbrkr.o)
 .debug_frame   0x00001ac4       0x20 c:/freescale/kds_v3/toolchain/bin/../lib/gcc/arm-none-eabi/4.8.4/../../../../arm-none-eabi/lib/armv6-m\libg_s.a(lib_a-strlen.o)
 .debug_frame   0x00001ae4       0x48 c:/freescale/kds_v3/toolchain/bin/../lib/gcc/arm-none-eabi/4.8.4/../../../../arm-none-eabi/lib/armv6-m\libg_s.a(lib_a-reent.o)
 .debug_frame   0x00001b2c       0x20 c:/freescale/kds_v3/toolchain/bin/../lib/gcc/arm-none-eabi/4.8.4/../../../../arm-none-eabi/lib/armv6-m\libnosys.a(_exit.o)
